Archive member included to satisfy reference by file (symbol)

../worker_3_bsp/\libhal_bsp.a(alt_load.o)
                              ../worker_3_bsp//obj/HAL/src/crt0.o (alt_load)
../worker_3_bsp/\libhal_bsp.a(alt_main.o)
                              ../worker_3_bsp//obj/HAL/src/crt0.o (alt_main)
../worker_3_bsp/\libhal_bsp.a(alt_usleep.o)
                              obj/default/hello_world_small.o (usleep)
../worker_3_bsp/\libhal_bsp.a(alt_sys_init.o)
                              ../worker_3_bsp/\libhal_bsp.a(alt_main.o) (alt_irq_init)
../worker_3_bsp/\libhal_bsp.a(altera_avalon_mutex.o)
                              obj/default/hello_world_small.o (altera_avalon_mutex_open)
../worker_3_bsp/\libhal_bsp.a(alt_busy_sleep.o)
                              ../worker_3_bsp/\libhal_bsp.a(alt_usleep.o) (alt_busy_sleep)
../worker_3_bsp/\libhal_bsp.a(alt_dcache_flush_all.o)
                              ../worker_3_bsp/\libhal_bsp.a(alt_load.o) (alt_dcache_flush_all)
../worker_3_bsp/\libhal_bsp.a(alt_dev_llist_insert.o)
                              ../worker_3_bsp/\libhal_bsp.a(alt_sys_init.o) (alt_dev_llist_insert)
../worker_3_bsp/\libhal_bsp.a(alt_errno.o)
                              ../worker_3_bsp/\libhal_bsp.a(altera_avalon_mutex.o) (alt_errno)
../worker_3_bsp/\libhal_bsp.a(alt_find_dev.o)
                              ../worker_3_bsp/\libhal_bsp.a(altera_avalon_mutex.o) (alt_find_dev)
../worker_3_bsp/\libhal_bsp.a(alt_icache_flush_all.o)
                              ../worker_3_bsp/\libhal_bsp.a(alt_load.o) (alt_icache_flush_all)
../worker_3_bsp/\libhal_bsp.a(altera_nios2_gen2_irq.o)
                              ../worker_3_bsp/\libhal_bsp.a(alt_sys_init.o) (altera_nios2_gen2_irq_init)
../worker_3_bsp/\libhal_bsp.a(alt_icache_flush.o)
                              ../worker_3_bsp/\libhal_bsp.a(alt_icache_flush_all.o) (alt_icache_flush)
c:/intelfpga_lite/18.1/nios2eds/bin/gnu/h-x86_64-mingw32/bin/../lib/gcc/nios2-elf/5.3.0/../../../../../H-x86_64-mingw32/nios2-elf/lib\libsmallc.a(lib_a-int_errno.o)
                              ../worker_3_bsp/\libhal_bsp.a(altera_avalon_mutex.o) (errno)
c:/intelfpga_lite/18.1/nios2eds/bin/gnu/h-x86_64-mingw32/bin/../lib/gcc/nios2-elf/5.3.0/../../../../../H-x86_64-mingw32/nios2-elf/lib\libsmallc.a(lib_a-memcmp.o)
                              ../worker_3_bsp/\libhal_bsp.a(alt_find_dev.o) (memcmp)
c:/intelfpga_lite/18.1/nios2eds/bin/gnu/h-x86_64-mingw32/bin/../lib/gcc/nios2-elf/5.3.0/../../../../../H-x86_64-mingw32/nios2-elf/lib\libsmallc.a(lib_a-strlen.o)
                              ../worker_3_bsp/\libhal_bsp.a(alt_find_dev.o) (strlen)
c:/intelfpga_lite/18.1/nios2eds/bin/gnu/h-x86_64-mingw32/bin/../lib/gcc/nios2-elf/5.3.0\libgcc.a(lib2-divmod.o)
                              ../worker_3_bsp/\libhal_bsp.a(alt_busy_sleep.o) (__udivsi3)

Allocating common symbols
Common symbol       size              file

errno               0x4               c:/intelfpga_lite/18.1/nios2eds/bin/gnu/h-x86_64-mingw32/bin/../lib/gcc/nios2-elf/5.3.0/../../../../../H-x86_64-mingw32/nios2-elf/lib\libsmallc.a(lib_a-int_errno.o)
mux                 0x4               obj/default/hello_world_small.o

Memory Configuration

Name             Origin             Length             Attributes
sdram_BEFORE_RESET 0x0000000012000000 0x0000000000100000
reset            0x0000000012400000 0x0000000000000020
sdram            0x0000000012400020 0x00000000000fffe0
shared_sdram     0x0000000012500000 0x0000000001000000
shared_ocm       0x0000000014001000 0x0000000000000200
*default*        0x0000000000000000 0xffffffffffffffff

Linker script and memory map

LOAD ../worker_3_bsp//obj/HAL/src/crt0.o
LOAD obj/default/hello_world_small.o
LOAD c:/intelfpga_lite/18.1/nios2eds/bin/gnu/h-x86_64-mingw32/bin/../lib/gcc/nios2-elf/5.3.0/../../../../../H-x86_64-mingw32/nios2-elf/lib\libstdc++.a
LOAD c:/intelfpga_lite/18.1/nios2eds/bin/gnu/h-x86_64-mingw32/bin/../lib/gcc/nios2-elf/5.3.0/../../../../../H-x86_64-mingw32/nios2-elf/lib\libm.a
LOAD c:/intelfpga_lite/18.1/nios2eds/bin/gnu/h-x86_64-mingw32/bin/../lib/gcc/nios2-elf/5.3.0\libgcc.a
START GROUP
LOAD c:/intelfpga_lite/18.1/nios2eds/bin/gnu/h-x86_64-mingw32/bin/../lib/gcc/nios2-elf/5.3.0/../../../../../H-x86_64-mingw32/nios2-elf/lib\libsmallc.a
LOAD c:/intelfpga_lite/18.1/nios2eds/bin/gnu/h-x86_64-mingw32/bin/../lib/gcc/nios2-elf/5.3.0\libgcc.a
LOAD ../worker_3_bsp/\libhal_bsp.a
LOAD c:/intelfpga_lite/18.1/nios2eds/bin/gnu/h-x86_64-mingw32/bin/../lib/gcc/nios2-elf/5.3.0/../../../../../H-x86_64-mingw32/nios2-elf/lib\libm.a
END GROUP
LOAD c:/intelfpga_lite/18.1/nios2eds/bin/gnu/h-x86_64-mingw32/bin/../lib/gcc/nios2-elf/5.3.0\libgcc.a
                0x0000000012000000                __alt_mem_sdram = 0x12000000
                0x0000000014001000                __alt_mem_shared_ocm = 0x14001000

.entry          0x0000000012400000       0x20
 *(.entry)
 .entry         0x0000000012400000       0x20 ../worker_3_bsp//obj/HAL/src/crt0.o
                0x0000000012400000                __reset
                0x000000001240001c                _exit

.exceptions     0x0000000012400020        0x0
                0x0000000012400020                PROVIDE (__ram_exceptions_start, ABSOLUTE (.))
                0x0000000012400020                . = ALIGN (0x20)
 *(.irq)
 *(.exceptions.entry.label)
 *(.exceptions.entry.user)
 *(.exceptions.entry.ecc_fatal)
 *(.exceptions.entry)
 *(.exceptions.irqtest.user)
 *(.exceptions.irqtest)
 *(.exceptions.irqhandler.user)
 *(.exceptions.irqhandler)
 *(.exceptions.irqreturn.user)
 *(.exceptions.irqreturn)
 *(.exceptions.notirq.label)
 *(.exceptions.notirq.user)
 *(.exceptions.notirq)
 *(.exceptions.soft.user)
 *(.exceptions.soft)
 *(.exceptions.unknown.user)
 *(.exceptions.unknown)
 *(.exceptions.exit.label)
 *(.exceptions.exit.user)
 *(.exceptions.exit)
 *(.exceptions)
                0x0000000012400020                PROVIDE (__ram_exceptions_end, ABSOLUTE (.))
                0x0000000012400020                PROVIDE (__flash_exceptions_start, LOADADDR (.exceptions))

.text           0x0000000012400020      0x834
                [!provide]                        PROVIDE (stext, ABSOLUTE (.))
 *(.interp)
 *(.hash)
 *(.dynsym)
 *(.dynstr)
 *(.gnu.version)
 *(.gnu.version_d)
 *(.gnu.version_r)
 *(.rel.init)
 *(.rela.init)
 *(.rel.text .rel.text.* .rel.gnu.linkonce.t.*)
 *(.rela.text .rela.text.* .rela.gnu.linkonce.t.*)
 *(.rel.fini)
 *(.rela.fini)
 *(.rel.rodata .rel.rodata.* .rel.gnu.linkonce.r.*)
 *(.rela.rodata .rela.rodata.* .rela.gnu.linkonce.r.*)
 *(.rel.data .rel.data.* .rel.gnu.linkonce.d.*)
 *(.rela.data .rela.data.* .rela.gnu.linkonce.d.*)
 *(.rel.tdata .rel.tdata.* .rel.gnu.linkonce.td.*)
 *(.rela.tdata .rela.tdata.* .rela.gnu.linkonce.td.*)
 *(.rel.tbss .rel.tbss.* .rel.gnu.linkonce.tb.*)
 *(.rela.tbss .rela.tbss.* .rela.gnu.linkonce.tb.*)
 *(.rel.ctors)
 *(.rela.ctors)
 *(.rel.dtors)
 *(.rela.dtors)
 *(.rel.got)
 *(.rela.got)
 *(.rel.sdata .rel.sdata.* .rel.gnu.linkonce.s.*)
 *(.rela.sdata .rela.sdata.* .rela.gnu.linkonce.s.*)
 *(.rel.sbss .rel.sbss.* .rel.gnu.linkonce.sb.*)
 *(.rela.sbss .rela.sbss.* .rela.gnu.linkonce.sb.*)
 *(.rel.sdata2 .rel.sdata2.* .rel.gnu.linkonce.s2.*)
 *(.rela.sdata2 .rela.sdata2.* .rela.gnu.linkonce.s2.*)
 *(.rel.sbss2 .rel.sbss2.* .rel.gnu.linkonce.sb2.*)
 *(.rela.sbss2 .rela.sbss2.* .rela.gnu.linkonce.sb2.*)
 *(.rel.bss .rel.bss.* .rel.gnu.linkonce.b.*)
 *(.rela.bss .rela.bss.* .rela.gnu.linkonce.b.*)
 *(.rel.plt)
 *(.rela.plt)
 *(.rel.dyn)
 *(.init)
 *(.plt)
 *(.text .stub .text.* .gnu.linkonce.t.*)
 .text          0x0000000012400020       0x4c ../worker_3_bsp//obj/HAL/src/crt0.o
                0x0000000012400020                _start
 .text          0x000000001240006c       0x28 obj/default/hello_world_small.o
                0x000000001240006c                _fp_mult
 .text.startup  0x0000000012400094      0x1d0 obj/default/hello_world_small.o
                0x0000000012400094                main
 .text          0x0000000012400264       0xe0 ../worker_3_bsp/\libhal_bsp.a(alt_load.o)
                0x0000000012400264                alt_load
 .text          0x0000000012400344       0x2c ../worker_3_bsp/\libhal_bsp.a(alt_main.o)
                0x0000000012400344                alt_main
 .text          0x0000000012400370        0x4 ../worker_3_bsp/\libhal_bsp.a(alt_usleep.o)
                0x0000000012400370                usleep
 .text          0x0000000012400374       0x30 ../worker_3_bsp/\libhal_bsp.a(alt_sys_init.o)
                0x0000000012400374                alt_irq_init
                0x0000000012400394                alt_sys_init
 .text          0x00000000124003a4       0xf4 ../worker_3_bsp/\libhal_bsp.a(altera_avalon_mutex.o)
                0x00000000124003a4                altera_avalon_mutex_open
                0x00000000124003f0                altera_avalon_mutex_close
                0x00000000124003f4                altera_avalon_mutex_lock
                0x0000000012400418                altera_avalon_mutex_trylock
                0x0000000012400440                altera_avalon_mutex_unlock
                0x0000000012400460                altera_avalon_mutex_is_mine
                0x0000000012400488                altera_avalon_mutex_first_lock
 .text          0x0000000012400498       0x78 ../worker_3_bsp/\libhal_bsp.a(alt_busy_sleep.o)
                0x0000000012400498                alt_busy_sleep
 .text          0x0000000012400510       0x18 ../worker_3_bsp/\libhal_bsp.a(alt_dcache_flush_all.o)
                0x0000000012400510                alt_dcache_flush_all
 .text          0x0000000012400528       0x6c ../worker_3_bsp/\libhal_bsp.a(alt_dev_llist_insert.o)
                0x0000000012400528                alt_dev_llist_insert
 .text          0x0000000012400594        0x0 ../worker_3_bsp/\libhal_bsp.a(alt_errno.o)
 .text          0x0000000012400594       0x74 ../worker_3_bsp/\libhal_bsp.a(alt_find_dev.o)
                0x0000000012400594                alt_find_dev
 .text          0x0000000012400608        0xc ../worker_3_bsp/\libhal_bsp.a(alt_icache_flush_all.o)
                0x0000000012400608                alt_icache_flush_all
 .text          0x0000000012400614        0x8 ../worker_3_bsp/\libhal_bsp.a(altera_nios2_gen2_irq.o)
                0x0000000012400614                altera_nios2_gen2_irq_init
 .text          0x000000001240061c       0x38 ../worker_3_bsp/\libhal_bsp.a(alt_icache_flush.o)
                0x000000001240061c                alt_icache_flush
 .text          0x0000000012400654        0x0 c:/intelfpga_lite/18.1/nios2eds/bin/gnu/h-x86_64-mingw32/bin/../lib/gcc/nios2-elf/5.3.0/../../../../../H-x86_64-mingw32/nios2-elf/lib\libsmallc.a(lib_a-int_errno.o)
 .text          0x0000000012400654        0x0 c:/intelfpga_lite/18.1/nios2eds/bin/gnu/h-x86_64-mingw32/bin/../lib/gcc/nios2-elf/5.3.0/../../../../../H-x86_64-mingw32/nios2-elf/lib\libsmallc.a(lib_a-memcmp.o)
 .text.memcmp   0x0000000012400654       0x30 c:/intelfpga_lite/18.1/nios2eds/bin/gnu/h-x86_64-mingw32/bin/../lib/gcc/nios2-elf/5.3.0/../../../../../H-x86_64-mingw32/nios2-elf/lib\libsmallc.a(lib_a-memcmp.o)
                0x0000000012400654                memcmp
 .text          0x0000000012400684        0x0 c:/intelfpga_lite/18.1/nios2eds/bin/gnu/h-x86_64-mingw32/bin/../lib/gcc/nios2-elf/5.3.0/../../../../../H-x86_64-mingw32/nios2-elf/lib\libsmallc.a(lib_a-strlen.o)
 .text.strlen   0x0000000012400684       0x1c c:/intelfpga_lite/18.1/nios2eds/bin/gnu/h-x86_64-mingw32/bin/../lib/gcc/nios2-elf/5.3.0/../../../../../H-x86_64-mingw32/nios2-elf/lib\libsmallc.a(lib_a-strlen.o)
                0x0000000012400684                strlen
 .text          0x00000000124006a0      0x1b4 c:/intelfpga_lite/18.1/nios2eds/bin/gnu/h-x86_64-mingw32/bin/../lib/gcc/nios2-elf/5.3.0\libgcc.a(lib2-divmod.o)
                0x00000000124006a0                __divsi3
                0x0000000012400724                __modsi3
                0x0000000012400798                __udivsi3
                0x00000000124007fc                __umodsi3
 *(.gnu.warning.*)
 *(.fini)
                [!provide]                        PROVIDE (__etext, ABSOLUTE (.))
                [!provide]                        PROVIDE (_etext, ABSOLUTE (.))
                [!provide]                        PROVIDE (etext, ABSOLUTE (.))
 *(.eh_frame_hdr)
                0x0000000012400854                . = ALIGN (0x4)
                [!provide]                        PROVIDE (__preinit_array_start, ABSOLUTE (.))
 *(.preinit_array)
                [!provide]                        PROVIDE (__preinit_array_end, ABSOLUTE (.))
                [!provide]                        PROVIDE (__init_array_start, ABSOLUTE (.))
 *(.init_array)
                [!provide]                        PROVIDE (__init_array_end, ABSOLUTE (.))
                [!provide]                        PROVIDE (__fini_array_start, ABSOLUTE (.))
 *(.fini_array)
                [!provide]                        PROVIDE (__fini_array_end, ABSOLUTE (.))
 *(.eh_frame)
 *(.gcc_except_table .gcc_except_table.*)
 *(.dynamic)
                [!provide]                        PROVIDE (__CTOR_LIST__, ABSOLUTE (.))
 *(.ctors)
 *(SORT(.ctors.*))
                [!provide]                        PROVIDE (__CTOR_END__, ABSOLUTE (.))
                [!provide]                        PROVIDE (__DTOR_LIST__, ABSOLUTE (.))
 *(.dtors)
 *(SORT(.dtors.*))
                [!provide]                        PROVIDE (__DTOR_END__, ABSOLUTE (.))
 *(.jcr)
                0x0000000012400854                . = ALIGN (0x4)

.rodata         0x0000000012400854       0x18
                0x0000000012400854                PROVIDE (__ram_rodata_start, ABSOLUTE (.))
                0x0000000012400854                . = ALIGN (0x4)
 *(.rodata .rodata.* .gnu.linkonce.r.*)
 .rodata.str1.4
                0x0000000012400854       0x18 obj/default/hello_world_small.o
                                         0x16 (size before relaxing)
 .rodata.str1.4
                0x000000001240086c       0x16 ../worker_3_bsp/\libhal_bsp.a(alt_sys_init.o)
 *(.rodata1)
                0x0000000012400884                . = ALIGN (0x4)
                0x0000000012400884                PROVIDE (__ram_rodata_end, ABSOLUTE (.))
                0x0000000012400854                PROVIDE (__flash_rodata_start, LOADADDR (.rodata))

.rwdata         0x000000001240086c       0x44 load address 0x00000000124008b0
                0x000000001240086c                PROVIDE (__ram_rwdata_start, ABSOLUTE (.))
                0x000000001240086c                . = ALIGN (0x4)
 *(.got.plt)
 *(.got)
 *(.data1)
 *(.data .data.* .gnu.linkonce.d.*)
 .data          0x000000001240086c        0x0 ../worker_3_bsp//obj/HAL/src/crt0.o
 .data          0x000000001240086c        0x0 obj/default/hello_world_small.o
 .data          0x000000001240086c        0x0 ../worker_3_bsp/\libhal_bsp.a(alt_load.o)
 .data          0x000000001240086c        0x0 ../worker_3_bsp/\libhal_bsp.a(alt_main.o)
 .data          0x000000001240086c        0x0 ../worker_3_bsp/\libhal_bsp.a(alt_usleep.o)
 .data          0x000000001240086c       0x10 ../worker_3_bsp/\libhal_bsp.a(alt_sys_init.o)
 .data          0x000000001240087c        0x0 ../worker_3_bsp/\libhal_bsp.a(altera_avalon_mutex.o)
 .data          0x000000001240087c        0x0 ../worker_3_bsp/\libhal_bsp.a(alt_busy_sleep.o)
 .data          0x000000001240087c        0x0 ../worker_3_bsp/\libhal_bsp.a(alt_dcache_flush_all.o)
 .data          0x000000001240087c        0x0 ../worker_3_bsp/\libhal_bsp.a(alt_dev_llist_insert.o)
 .data          0x000000001240087c        0x0 ../worker_3_bsp/\libhal_bsp.a(alt_errno.o)
 .data          0x000000001240087c        0x0 ../worker_3_bsp/\libhal_bsp.a(alt_find_dev.o)
 .data          0x000000001240087c        0x0 ../worker_3_bsp/\libhal_bsp.a(alt_icache_flush_all.o)
 .data          0x000000001240087c        0x0 ../worker_3_bsp/\libhal_bsp.a(altera_nios2_gen2_irq.o)
 .data          0x000000001240087c        0x0 ../worker_3_bsp/\libhal_bsp.a(alt_icache_flush.o)
 .data          0x000000001240087c        0x0 c:/intelfpga_lite/18.1/nios2eds/bin/gnu/h-x86_64-mingw32/bin/../lib/gcc/nios2-elf/5.3.0/../../../../../H-x86_64-mingw32/nios2-elf/lib\libsmallc.a(lib_a-int_errno.o)
 .data          0x000000001240087c        0x0 c:/intelfpga_lite/18.1/nios2eds/bin/gnu/h-x86_64-mingw32/bin/../lib/gcc/nios2-elf/5.3.0/../../../../../H-x86_64-mingw32/nios2-elf/lib\libsmallc.a(lib_a-memcmp.o)
 .data          0x000000001240087c        0x0 c:/intelfpga_lite/18.1/nios2eds/bin/gnu/h-x86_64-mingw32/bin/../lib/gcc/nios2-elf/5.3.0/../../../../../H-x86_64-mingw32/nios2-elf/lib\libsmallc.a(lib_a-strlen.o)
 .data          0x000000001240087c        0x0 c:/intelfpga_lite/18.1/nios2eds/bin/gnu/h-x86_64-mingw32/bin/../lib/gcc/nios2-elf/5.3.0\libgcc.a(lib2-divmod.o)
                0x000000001240887c                _gp = ABSOLUTE ((. + 0x8000))
                [!provide]                        PROVIDE (gp, _gp)
 *(.rwdata .rwdata.*)
 *(.sdata .sdata.* .gnu.linkonce.s.*)
 .sdata         0x000000001240087c       0x24 obj/default/hello_world_small.o
                0x000000001240087c                descriptors
                0x0000000012400880                heat_srcs
                0x0000000012400884                nr_heat_src
                0x0000000012400888                matrix2
                0x000000001240088c                matrix1
                0x0000000012400890                c_y
                0x0000000012400894                c_x
                0x0000000012400898                height
                0x000000001240089c                width
 .sdata         0x00000000124008a0        0x4 ../worker_3_bsp/\libhal_bsp.a(alt_sys_init.o)
                0x00000000124008a0                worker_3_jtag_uart_0
 .sdata         0x00000000124008a4        0x8 ../worker_3_bsp/\libhal_bsp.a(altera_avalon_mutex.o)
                0x00000000124008a4                alt_mutex_list
 .sdata         0x00000000124008ac        0x4 ../worker_3_bsp/\libhal_bsp.a(alt_errno.o)
                0x00000000124008ac                alt_errno
 *(.sdata2 .sdata2.* .gnu.linkonce.s2.*)
                0x00000000124008b0                . = ALIGN (0x4)
                0x00000000124008b0                _edata = ABSOLUTE (.)
                [!provide]                        PROVIDE (edata, ABSOLUTE (.))
                0x00000000124008b0                PROVIDE (__ram_rwdata_end, ABSOLUTE (.))
                0x00000000124008b0                PROVIDE (__flash_rwdata_start, LOADADDR (.rwdata))

.bss            0x00000000124008f4       0x14
                0x00000000124008f4                __bss_start = ABSOLUTE (.)
                [!provide]                        PROVIDE (__sbss_start, ABSOLUTE (.))
                [!provide]                        PROVIDE (___sbss_start, ABSOLUTE (.))
 *(.dynsbss)
 *(.sbss .sbss.* .gnu.linkonce.sb.*)
 .sbss          0x00000000124008f4        0x4 obj/default/hello_world_small.o
                0x00000000124008f4                mux
 .sbss          0x00000000124008f8        0xc ../worker_3_bsp/\libhal_bsp.a(alt_main.o)
                0x00000000124008f8                alt_envp
                0x00000000124008fc                alt_argv
                0x0000000012400900                alt_argc
 .sbss          0x0000000012400904        0x4 c:/intelfpga_lite/18.1/nios2eds/bin/gnu/h-x86_64-mingw32/bin/../lib/gcc/nios2-elf/5.3.0/../../../../../H-x86_64-mingw32/nios2-elf/lib\libsmallc.a(lib_a-int_errno.o)
                0x0000000012400904                errno
 *(.sbss2 .sbss2.* .gnu.linkonce.sb2.*)
 *(.scommon)
                [!provide]                        PROVIDE (__sbss_end, ABSOLUTE (.))
                [!provide]                        PROVIDE (___sbss_end, ABSOLUTE (.))
 *(.dynbss)
 *(.bss .bss.* .gnu.linkonce.b.*)
 .bss           0x0000000012400908        0x0 ../worker_3_bsp//obj/HAL/src/crt0.o
 .bss           0x0000000012400908        0x0 obj/default/hello_world_small.o
 .bss           0x0000000012400908        0x0 ../worker_3_bsp/\libhal_bsp.a(alt_load.o)
 .bss           0x0000000012400908        0x0 ../worker_3_bsp/\libhal_bsp.a(alt_main.o)
 .bss           0x0000000012400908        0x0 ../worker_3_bsp/\libhal_bsp.a(alt_usleep.o)
 .bss           0x0000000012400908        0x0 ../worker_3_bsp/\libhal_bsp.a(alt_sys_init.o)
 .bss           0x0000000012400908        0x0 ../worker_3_bsp/\libhal_bsp.a(altera_avalon_mutex.o)
 .bss           0x0000000012400908        0x0 ../worker_3_bsp/\libhal_bsp.a(alt_busy_sleep.o)
 .bss           0x0000000012400908        0x0 ../worker_3_bsp/\libhal_bsp.a(alt_dcache_flush_all.o)
 .bss           0x0000000012400908        0x0 ../worker_3_bsp/\libhal_bsp.a(alt_dev_llist_insert.o)
 .bss           0x0000000012400908        0x0 ../worker_3_bsp/\libhal_bsp.a(alt_errno.o)
 .bss           0x0000000012400908        0x0 ../worker_3_bsp/\libhal_bsp.a(alt_find_dev.o)
 .bss           0x0000000012400908        0x0 ../worker_3_bsp/\libhal_bsp.a(alt_icache_flush_all.o)
 .bss           0x0000000012400908        0x0 ../worker_3_bsp/\libhal_bsp.a(altera_nios2_gen2_irq.o)
 .bss           0x0000000012400908        0x0 ../worker_3_bsp/\libhal_bsp.a(alt_icache_flush.o)
 .bss           0x0000000012400908        0x0 c:/intelfpga_lite/18.1/nios2eds/bin/gnu/h-x86_64-mingw32/bin/../lib/gcc/nios2-elf/5.3.0/../../../../../H-x86_64-mingw32/nios2-elf/lib\libsmallc.a(lib_a-int_errno.o)
 .bss           0x0000000012400908        0x0 c:/intelfpga_lite/18.1/nios2eds/bin/gnu/h-x86_64-mingw32/bin/../lib/gcc/nios2-elf/5.3.0/../../../../../H-x86_64-mingw32/nios2-elf/lib\libsmallc.a(lib_a-memcmp.o)
 .bss           0x0000000012400908        0x0 c:/intelfpga_lite/18.1/nios2eds/bin/gnu/h-x86_64-mingw32/bin/../lib/gcc/nios2-elf/5.3.0/../../../../../H-x86_64-mingw32/nios2-elf/lib\libsmallc.a(lib_a-strlen.o)
 .bss           0x0000000012400908        0x0 c:/intelfpga_lite/18.1/nios2eds/bin/gnu/h-x86_64-mingw32/bin/../lib/gcc/nios2-elf/5.3.0\libgcc.a(lib2-divmod.o)
 *(COMMON)
                0x0000000012400908                . = ALIGN (0x4)
                0x0000000012400908                __bss_end = ABSOLUTE (.)

.sdram          0x0000000012400908        0x0
                [!provide]                        PROVIDE (_alt_partition_sdram_start, ABSOLUTE (.))
 *(.sdram .sdram. sdram.*)
                0x0000000012400908                . = ALIGN (0x4)
                [!provide]                        PROVIDE (_alt_partition_sdram_end, ABSOLUTE (.))
                0x0000000012400908                _end = ABSOLUTE (.)
                0x0000000012400908                end = ABSOLUTE (.)
                0x0000000012400908                __alt_stack_base = ABSOLUTE (.)
                [!provide]                        PROVIDE (_alt_partition_sdram_load_addr, LOADADDR (.sdram))

.shared_ocm     0x0000000014001000        0x0 load address 0x0000000012400908
                [!provide]                        PROVIDE (_alt_partition_shared_ocm_start, ABSOLUTE (.))
 *(.shared_ocm .shared_ocm. shared_ocm.*)
                0x0000000014001000                . = ALIGN (0x4)
                [!provide]                        PROVIDE (_alt_partition_shared_ocm_end, ABSOLUTE (.))
                [!provide]                        PROVIDE (_alt_partition_shared_ocm_load_addr, LOADADDR (.shared_ocm))

.stab
 *(.stab)

.stabstr
 *(.stabstr)

.stab.excl
 *(.stab.excl)

.stab.exclstr
 *(.stab.exclstr)

.stab.index
 *(.stab.index)

.stab.indexstr
 *(.stab.indexstr)

.comment        0x0000000000000000       0x23
 *(.comment)
 .comment       0x0000000000000000       0x23 obj/default/hello_world_small.o
                                         0x24 (size before relaxing)
 .comment       0x0000000000000023       0x24 ../worker_3_bsp/\libhal_bsp.a(alt_load.o)
 .comment       0x0000000000000023       0x24 ../worker_3_bsp/\libhal_bsp.a(alt_main.o)
 .comment       0x0000000000000023       0x24 ../worker_3_bsp/\libhal_bsp.a(alt_usleep.o)
 .comment       0x0000000000000023       0x24 ../worker_3_bsp/\libhal_bsp.a(alt_sys_init.o)
 .comment       0x0000000000000023       0x24 ../worker_3_bsp/\libhal_bsp.a(altera_avalon_mutex.o)
 .comment       0x0000000000000023       0x24 ../worker_3_bsp/\libhal_bsp.a(alt_busy_sleep.o)
 .comment       0x0000000000000023       0x24 ../worker_3_bsp/\libhal_bsp.a(alt_dcache_flush_all.o)
 .comment       0x0000000000000023       0x24 ../worker_3_bsp/\libhal_bsp.a(alt_dev_llist_insert.o)
 .comment       0x0000000000000023       0x24 ../worker_3_bsp/\libhal_bsp.a(alt_errno.o)
 .comment       0x0000000000000023       0x24 ../worker_3_bsp/\libhal_bsp.a(alt_find_dev.o)
 .comment       0x0000000000000023       0x24 ../worker_3_bsp/\libhal_bsp.a(alt_icache_flush_all.o)
 .comment       0x0000000000000023       0x24 ../worker_3_bsp/\libhal_bsp.a(altera_nios2_gen2_irq.o)
 .comment       0x0000000000000023       0x24 ../worker_3_bsp/\libhal_bsp.a(alt_icache_flush.o)
 .comment       0x0000000000000023       0x24 c:/intelfpga_lite/18.1/nios2eds/bin/gnu/h-x86_64-mingw32/bin/../lib/gcc/nios2-elf/5.3.0/../../../../../H-x86_64-mingw32/nios2-elf/lib\libsmallc.a(lib_a-int_errno.o)
 .comment       0x0000000000000023       0x24 c:/intelfpga_lite/18.1/nios2eds/bin/gnu/h-x86_64-mingw32/bin/../lib/gcc/nios2-elf/5.3.0/../../../../../H-x86_64-mingw32/nios2-elf/lib\libsmallc.a(lib_a-memcmp.o)
 .comment       0x0000000000000023       0x24 c:/intelfpga_lite/18.1/nios2eds/bin/gnu/h-x86_64-mingw32/bin/../lib/gcc/nios2-elf/5.3.0/../../../../../H-x86_64-mingw32/nios2-elf/lib\libsmallc.a(lib_a-strlen.o)
 .comment       0x0000000000000023       0x24 c:/intelfpga_lite/18.1/nios2eds/bin/gnu/h-x86_64-mingw32/bin/../lib/gcc/nios2-elf/5.3.0\libgcc.a(lib2-divmod.o)

.debug
 *(.debug)

.line
 *(.line)

.debug_srcinfo
 *(.debug_srcinfo)

.debug_sfnames
 *(.debug_sfnames)

.debug_aranges  0x0000000000000000      0x260
 *(.debug_aranges)
 .debug_aranges
                0x0000000000000000       0x28 ../worker_3_bsp//obj/HAL/src/crt0.o
 .debug_aranges
                0x0000000000000028       0x28 obj/default/hello_world_small.o
 .debug_aranges
                0x0000000000000050       0x20 ../worker_3_bsp/\libhal_bsp.a(alt_load.o)
 .debug_aranges
                0x0000000000000070       0x20 ../worker_3_bsp/\libhal_bsp.a(alt_main.o)
 .debug_aranges
                0x0000000000000090       0x20 ../worker_3_bsp/\libhal_bsp.a(alt_usleep.o)
 .debug_aranges
                0x00000000000000b0       0x20 ../worker_3_bsp/\libhal_bsp.a(alt_sys_init.o)
 .debug_aranges
                0x00000000000000d0       0x20 ../worker_3_bsp/\libhal_bsp.a(altera_avalon_mutex.o)
 .debug_aranges
                0x00000000000000f0       0x20 ../worker_3_bsp/\libhal_bsp.a(alt_busy_sleep.o)
 .debug_aranges
                0x0000000000000110       0x20 ../worker_3_bsp/\libhal_bsp.a(alt_dcache_flush_all.o)
 .debug_aranges
                0x0000000000000130       0x20 ../worker_3_bsp/\libhal_bsp.a(alt_dev_llist_insert.o)
 .debug_aranges
                0x0000000000000150       0x18 ../worker_3_bsp/\libhal_bsp.a(alt_errno.o)
 .debug_aranges
                0x0000000000000168       0x20 ../worker_3_bsp/\libhal_bsp.a(alt_find_dev.o)
 .debug_aranges
                0x0000000000000188       0x20 ../worker_3_bsp/\libhal_bsp.a(alt_icache_flush_all.o)
 .debug_aranges
                0x00000000000001a8       0x20 ../worker_3_bsp/\libhal_bsp.a(altera_nios2_gen2_irq.o)
 .debug_aranges
                0x00000000000001c8       0x20 ../worker_3_bsp/\libhal_bsp.a(alt_icache_flush.o)
 .debug_aranges
                0x00000000000001e8       0x18 c:/intelfpga_lite/18.1/nios2eds/bin/gnu/h-x86_64-mingw32/bin/../lib/gcc/nios2-elf/5.3.0/../../../../../H-x86_64-mingw32/nios2-elf/lib\libsmallc.a(lib_a-int_errno.o)
 .debug_aranges
                0x0000000000000200       0x20 c:/intelfpga_lite/18.1/nios2eds/bin/gnu/h-x86_64-mingw32/bin/../lib/gcc/nios2-elf/5.3.0/../../../../../H-x86_64-mingw32/nios2-elf/lib\libsmallc.a(lib_a-memcmp.o)
 .debug_aranges
                0x0000000000000220       0x20 c:/intelfpga_lite/18.1/nios2eds/bin/gnu/h-x86_64-mingw32/bin/../lib/gcc/nios2-elf/5.3.0/../../../../../H-x86_64-mingw32/nios2-elf/lib\libsmallc.a(lib_a-strlen.o)
 .debug_aranges
                0x0000000000000240       0x20 c:/intelfpga_lite/18.1/nios2eds/bin/gnu/h-x86_64-mingw32/bin/../lib/gcc/nios2-elf/5.3.0\libgcc.a(lib2-divmod.o)

.debug_pubnames
 *(.debug_pubnames)

.debug_info     0x0000000000000000     0x1f4f
 *(.debug_info .gnu.linkonce.wi.*)
 .debug_info    0x0000000000000000       0x76 ../worker_3_bsp//obj/HAL/src/crt0.o
 .debug_info    0x0000000000000076      0x590 obj/default/hello_world_small.o
 .debug_info    0x0000000000000606      0x1c9 ../worker_3_bsp/\libhal_bsp.a(alt_load.o)
 .debug_info    0x00000000000007cf      0x169 ../worker_3_bsp/\libhal_bsp.a(alt_main.o)
 .debug_info    0x0000000000000938       0xd1 ../worker_3_bsp/\libhal_bsp.a(alt_usleep.o)
 .debug_info    0x0000000000000a09      0x2d0 ../worker_3_bsp/\libhal_bsp.a(alt_sys_init.o)
 .debug_info    0x0000000000000cd9      0x43d ../worker_3_bsp/\libhal_bsp.a(altera_avalon_mutex.o)
 .debug_info    0x0000000000001116       0xd8 ../worker_3_bsp/\libhal_bsp.a(alt_busy_sleep.o)
 .debug_info    0x00000000000011ee       0xa6 ../worker_3_bsp/\libhal_bsp.a(alt_dcache_flush_all.o)
 .debug_info    0x0000000000001294      0x1b3 ../worker_3_bsp/\libhal_bsp.a(alt_dev_llist_insert.o)
 .debug_info    0x0000000000001447       0xa6 ../worker_3_bsp/\libhal_bsp.a(alt_errno.o)
 .debug_info    0x00000000000014ed      0x32d ../worker_3_bsp/\libhal_bsp.a(alt_find_dev.o)
 .debug_info    0x000000000000181a       0xb8 ../worker_3_bsp/\libhal_bsp.a(alt_icache_flush_all.o)
 .debug_info    0x00000000000018d2       0x92 ../worker_3_bsp/\libhal_bsp.a(altera_nios2_gen2_irq.o)
 .debug_info    0x0000000000001964       0xde ../worker_3_bsp/\libhal_bsp.a(alt_icache_flush.o)
 .debug_info    0x0000000000001a42       0x8a c:/intelfpga_lite/18.1/nios2eds/bin/gnu/h-x86_64-mingw32/bin/../lib/gcc/nios2-elf/5.3.0/../../../../../H-x86_64-mingw32/nios2-elf/lib\libsmallc.a(lib_a-int_errno.o)
 .debug_info    0x0000000000001acc       0xf4 c:/intelfpga_lite/18.1/nios2eds/bin/gnu/h-x86_64-mingw32/bin/../lib/gcc/nios2-elf/5.3.0/../../../../../H-x86_64-mingw32/nios2-elf/lib\libsmallc.a(lib_a-memcmp.o)
 .debug_info    0x0000000000001bc0       0xc9 c:/intelfpga_lite/18.1/nios2eds/bin/gnu/h-x86_64-mingw32/bin/../lib/gcc/nios2-elf/5.3.0/../../../../../H-x86_64-mingw32/nios2-elf/lib\libsmallc.a(lib_a-strlen.o)
 .debug_info    0x0000000000001c89      0x2c6 c:/intelfpga_lite/18.1/nios2eds/bin/gnu/h-x86_64-mingw32/bin/../lib/gcc/nios2-elf/5.3.0\libgcc.a(lib2-divmod.o)

.debug_abbrev   0x0000000000000000      0xf57
 *(.debug_abbrev)
 .debug_abbrev  0x0000000000000000       0x12 ../worker_3_bsp//obj/HAL/src/crt0.o
 .debug_abbrev  0x0000000000000012      0x21a obj/default/hello_world_small.o
 .debug_abbrev  0x000000000000022c       0xd8 ../worker_3_bsp/\libhal_bsp.a(alt_load.o)
 .debug_abbrev  0x0000000000000304       0xee ../worker_3_bsp/\libhal_bsp.a(alt_main.o)
 .debug_abbrev  0x00000000000003f2       0x8d ../worker_3_bsp/\libhal_bsp.a(alt_usleep.o)
 .debug_abbrev  0x000000000000047f      0x1a9 ../worker_3_bsp/\libhal_bsp.a(alt_sys_init.o)
 .debug_abbrev  0x0000000000000628      0x21e ../worker_3_bsp/\libhal_bsp.a(altera_avalon_mutex.o)
 .debug_abbrev  0x0000000000000846       0x8d ../worker_3_bsp/\libhal_bsp.a(alt_busy_sleep.o)
 .debug_abbrev  0x00000000000008d3       0x5a ../worker_3_bsp/\libhal_bsp.a(alt_dcache_flush_all.o)
 .debug_abbrev  0x000000000000092d      0x11c ../worker_3_bsp/\libhal_bsp.a(alt_dev_llist_insert.o)
 .debug_abbrev  0x0000000000000a49       0x5a ../worker_3_bsp/\libhal_bsp.a(alt_errno.o)
 .debug_abbrev  0x0000000000000aa3      0x125 ../worker_3_bsp/\libhal_bsp.a(alt_find_dev.o)
 .debug_abbrev  0x0000000000000bc8       0x6f ../worker_3_bsp/\libhal_bsp.a(alt_icache_flush_all.o)
 .debug_abbrev  0x0000000000000c37       0x42 ../worker_3_bsp/\libhal_bsp.a(altera_nios2_gen2_irq.o)
 .debug_abbrev  0x0000000000000c79       0x9b ../worker_3_bsp/\libhal_bsp.a(alt_icache_flush.o)
 .debug_abbrev  0x0000000000000d14       0x37 c:/intelfpga_lite/18.1/nios2eds/bin/gnu/h-x86_64-mingw32/bin/../lib/gcc/nios2-elf/5.3.0/../../../../../H-x86_64-mingw32/nios2-elf/lib\libsmallc.a(lib_a-int_errno.o)
 .debug_abbrev  0x0000000000000d4b       0x7f c:/intelfpga_lite/18.1/nios2eds/bin/gnu/h-x86_64-mingw32/bin/../lib/gcc/nios2-elf/5.3.0/../../../../../H-x86_64-mingw32/nios2-elf/lib\libsmallc.a(lib_a-memcmp.o)
 .debug_abbrev  0x0000000000000dca       0x7f c:/intelfpga_lite/18.1/nios2eds/bin/gnu/h-x86_64-mingw32/bin/../lib/gcc/nios2-elf/5.3.0/../../../../../H-x86_64-mingw32/nios2-elf/lib\libsmallc.a(lib_a-strlen.o)
 .debug_abbrev  0x0000000000000e49      0x10e c:/intelfpga_lite/18.1/nios2eds/bin/gnu/h-x86_64-mingw32/bin/../lib/gcc/nios2-elf/5.3.0\libgcc.a(lib2-divmod.o)

.debug_line     0x0000000000000000      0xff2
 *(.debug_line)
 .debug_line    0x0000000000000000       0x72 ../worker_3_bsp//obj/HAL/src/crt0.o
 .debug_line    0x0000000000000072      0x217 obj/default/hello_world_small.o
 .debug_line    0x0000000000000289       0xa4 ../worker_3_bsp/\libhal_bsp.a(alt_load.o)
 .debug_line    0x000000000000032d       0xbd ../worker_3_bsp/\libhal_bsp.a(alt_main.o)
 .debug_line    0x00000000000003ea       0xcf ../worker_3_bsp/\libhal_bsp.a(alt_usleep.o)
 .debug_line    0x00000000000004b9      0x15d ../worker_3_bsp/\libhal_bsp.a(alt_sys_init.o)
 .debug_line    0x0000000000000616      0x150 ../worker_3_bsp/\libhal_bsp.a(altera_avalon_mutex.o)
 .debug_line    0x0000000000000766       0xb3 ../worker_3_bsp/\libhal_bsp.a(alt_busy_sleep.o)
 .debug_line    0x0000000000000819       0x5a ../worker_3_bsp/\libhal_bsp.a(alt_dcache_flush_all.o)
 .debug_line    0x0000000000000873       0xd8 ../worker_3_bsp/\libhal_bsp.a(alt_dev_llist_insert.o)
 .debug_line    0x000000000000094b       0x51 ../worker_3_bsp/\libhal_bsp.a(alt_errno.o)
 .debug_line    0x000000000000099c      0x107 ../worker_3_bsp/\libhal_bsp.a(alt_find_dev.o)
 .debug_line    0x0000000000000aa3       0x6e ../worker_3_bsp/\libhal_bsp.a(alt_icache_flush_all.o)
 .debug_line    0x0000000000000b11       0x50 ../worker_3_bsp/\libhal_bsp.a(altera_nios2_gen2_irq.o)
 .debug_line    0x0000000000000b61       0x7d ../worker_3_bsp/\libhal_bsp.a(alt_icache_flush.o)
 .debug_line    0x0000000000000bde       0x5c c:/intelfpga_lite/18.1/nios2eds/bin/gnu/h-x86_64-mingw32/bin/../lib/gcc/nios2-elf/5.3.0/../../../../../H-x86_64-mingw32/nios2-elf/lib\libsmallc.a(lib_a-int_errno.o)
 .debug_line    0x0000000000000c3a      0x15d c:/intelfpga_lite/18.1/nios2eds/bin/gnu/h-x86_64-mingw32/bin/../lib/gcc/nios2-elf/5.3.0/../../../../../H-x86_64-mingw32/nios2-elf/lib\libsmallc.a(lib_a-memcmp.o)
 .debug_line    0x0000000000000d97      0x159 c:/intelfpga_lite/18.1/nios2eds/bin/gnu/h-x86_64-mingw32/bin/../lib/gcc/nios2-elf/5.3.0/../../../../../H-x86_64-mingw32/nios2-elf/lib\libsmallc.a(lib_a-strlen.o)
 .debug_line    0x0000000000000ef0      0x102 c:/intelfpga_lite/18.1/nios2eds/bin/gnu/h-x86_64-mingw32/bin/../lib/gcc/nios2-elf/5.3.0\libgcc.a(lib2-divmod.o)

.debug_frame    0x0000000000000000      0x330
 *(.debug_frame)
 .debug_frame   0x0000000000000000       0x40 obj/default/hello_world_small.o
 .debug_frame   0x0000000000000040       0x30 ../worker_3_bsp/\libhal_bsp.a(alt_load.o)
 .debug_frame   0x0000000000000070       0x2c ../worker_3_bsp/\libhal_bsp.a(alt_main.o)
 .debug_frame   0x000000000000009c       0x20 ../worker_3_bsp/\libhal_bsp.a(alt_usleep.o)
 .debug_frame   0x00000000000000bc       0x3c ../worker_3_bsp/\libhal_bsp.a(alt_sys_init.o)
 .debug_frame   0x00000000000000f8       0x90 ../worker_3_bsp/\libhal_bsp.a(altera_avalon_mutex.o)
 .debug_frame   0x0000000000000188       0x30 ../worker_3_bsp/\libhal_bsp.a(alt_busy_sleep.o)
 .debug_frame   0x00000000000001b8       0x20 ../worker_3_bsp/\libhal_bsp.a(alt_dcache_flush_all.o)
 .debug_frame   0x00000000000001d8       0x2c ../worker_3_bsp/\libhal_bsp.a(alt_dev_llist_insert.o)
 .debug_frame   0x0000000000000204       0x3c ../worker_3_bsp/\libhal_bsp.a(alt_find_dev.o)
 .debug_frame   0x0000000000000240       0x20 ../worker_3_bsp/\libhal_bsp.a(alt_icache_flush_all.o)
 .debug_frame   0x0000000000000260       0x20 ../worker_3_bsp/\libhal_bsp.a(altera_nios2_gen2_irq.o)
 .debug_frame   0x0000000000000280       0x20 ../worker_3_bsp/\libhal_bsp.a(alt_icache_flush.o)
 .debug_frame   0x00000000000002a0       0x20 c:/intelfpga_lite/18.1/nios2eds/bin/gnu/h-x86_64-mingw32/bin/../lib/gcc/nios2-elf/5.3.0/../../../../../H-x86_64-mingw32/nios2-elf/lib\libsmallc.a(lib_a-memcmp.o)
 .debug_frame   0x00000000000002c0       0x20 c:/intelfpga_lite/18.1/nios2eds/bin/gnu/h-x86_64-mingw32/bin/../lib/gcc/nios2-elf/5.3.0/../../../../../H-x86_64-mingw32/nios2-elf/lib\libsmallc.a(lib_a-strlen.o)
 .debug_frame   0x00000000000002e0       0x50 c:/intelfpga_lite/18.1/nios2eds/bin/gnu/h-x86_64-mingw32/bin/../lib/gcc/nios2-elf/5.3.0\libgcc.a(lib2-divmod.o)

.debug_str      0x0000000000000000      0xbd9
 *(.debug_str)
 .debug_str     0x0000000000000000      0x2bd obj/default/hello_world_small.o
                                        0x345 (size before relaxing)
 .debug_str     0x00000000000002bd      0x15e ../worker_3_bsp/\libhal_bsp.a(alt_load.o)
                                        0x242 (size before relaxing)
 .debug_str     0x000000000000041b       0xa0 ../worker_3_bsp/\libhal_bsp.a(alt_main.o)
                                        0x1ba (size before relaxing)
 .debug_str     0x00000000000004bb       0x2f ../worker_3_bsp/\libhal_bsp.a(alt_usleep.o)
                                        0x15d (size before relaxing)
 .debug_str     0x00000000000004ea      0x108 ../worker_3_bsp/\libhal_bsp.a(alt_sys_init.o)
                                        0x2d6 (size before relaxing)
 .debug_str     0x00000000000005f2       0xdb ../worker_3_bsp/\libhal_bsp.a(altera_avalon_mutex.o)
                                        0x2e3 (size before relaxing)
 .debug_str     0x00000000000006cd       0x33 ../worker_3_bsp/\libhal_bsp.a(alt_busy_sleep.o)
                                        0x170 (size before relaxing)
 .debug_str     0x0000000000000700       0x1f ../worker_3_bsp/\libhal_bsp.a(alt_dcache_flush_all.o)
                                        0x15a (size before relaxing)
 .debug_str     0x000000000000071f       0x36 ../worker_3_bsp/\libhal_bsp.a(alt_dev_llist_insert.o)
                                        0x1d2 (size before relaxing)
 .debug_str     0x0000000000000755       0x14 ../worker_3_bsp/\libhal_bsp.a(alt_errno.o)
                                        0x14b (size before relaxing)
 .debug_str     0x0000000000000769       0x79 ../worker_3_bsp/\libhal_bsp.a(alt_find_dev.o)
                                        0x1ff (size before relaxing)
 .debug_str     0x00000000000007e2       0x30 ../worker_3_bsp/\libhal_bsp.a(alt_icache_flush_all.o)
                                        0x16b (size before relaxing)
 .debug_str     0x0000000000000812       0x20 ../worker_3_bsp/\libhal_bsp.a(altera_nios2_gen2_irq.o)
                                        0x161 (size before relaxing)
 .debug_str     0x0000000000000832       0x1b ../worker_3_bsp/\libhal_bsp.a(alt_icache_flush.o)
                                        0x160 (size before relaxing)
 .debug_str     0x000000000000084d      0x11a c:/intelfpga_lite/18.1/nios2eds/bin/gnu/h-x86_64-mingw32/bin/../lib/gcc/nios2-elf/5.3.0/../../../../../H-x86_64-mingw32/nios2-elf/lib\libsmallc.a(lib_a-int_errno.o)
                                        0x1be (size before relaxing)
 .debug_str     0x0000000000000967       0xcb c:/intelfpga_lite/18.1/nios2eds/bin/gnu/h-x86_64-mingw32/bin/../lib/gcc/nios2-elf/5.3.0/../../../../../H-x86_64-mingw32/nios2-elf/lib\libsmallc.a(lib_a-memcmp.o)
                                        0x1c5 (size before relaxing)
 .debug_str     0x0000000000000a32       0x3a c:/intelfpga_lite/18.1/nios2eds/bin/gnu/h-x86_64-mingw32/bin/../lib/gcc/nios2-elf/5.3.0/../../../../../H-x86_64-mingw32/nios2-elf/lib\libsmallc.a(lib_a-strlen.o)
                                        0x1cb (size before relaxing)
 .debug_str     0x0000000000000a6c      0x16d c:/intelfpga_lite/18.1/nios2eds/bin/gnu/h-x86_64-mingw32/bin/../lib/gcc/nios2-elf/5.3.0\libgcc.a(lib2-divmod.o)
                                        0x1b8 (size before relaxing)

.debug_loc      0x0000000000000000      0xaff
 *(.debug_loc)
 .debug_loc     0x0000000000000000      0x1aa obj/default/hello_world_small.o
 .debug_loc     0x00000000000001aa       0x21 ../worker_3_bsp/\libhal_bsp.a(alt_usleep.o)
 .debug_loc     0x00000000000001cb       0x21 ../worker_3_bsp/\libhal_bsp.a(alt_sys_init.o)
 .debug_loc     0x00000000000001ec      0x1b1 ../worker_3_bsp/\libhal_bsp.a(altera_avalon_mutex.o)
 .debug_loc     0x000000000000039d       0x75 ../worker_3_bsp/\libhal_bsp.a(alt_busy_sleep.o)
 .debug_loc     0x0000000000000412       0x1f ../worker_3_bsp/\libhal_bsp.a(alt_dcache_flush_all.o)
 .debug_loc     0x0000000000000431       0x7e ../worker_3_bsp/\libhal_bsp.a(alt_dev_llist_insert.o)
 .debug_loc     0x00000000000004af       0x7e ../worker_3_bsp/\libhal_bsp.a(alt_find_dev.o)
 .debug_loc     0x000000000000052d       0x52 ../worker_3_bsp/\libhal_bsp.a(alt_icache_flush.o)
 .debug_loc     0x000000000000057f       0x94 c:/intelfpga_lite/18.1/nios2eds/bin/gnu/h-x86_64-mingw32/bin/../lib/gcc/nios2-elf/5.3.0/../../../../../H-x86_64-mingw32/nios2-elf/lib\libsmallc.a(lib_a-memcmp.o)
 .debug_loc     0x0000000000000613       0x1e c:/intelfpga_lite/18.1/nios2eds/bin/gnu/h-x86_64-mingw32/bin/../lib/gcc/nios2-elf/5.3.0/../../../../../H-x86_64-mingw32/nios2-elf/lib\libsmallc.a(lib_a-strlen.o)
 .debug_loc     0x0000000000000631      0x4ce c:/intelfpga_lite/18.1/nios2eds/bin/gnu/h-x86_64-mingw32/bin/../lib/gcc/nios2-elf/5.3.0\libgcc.a(lib2-divmod.o)

.debug_macinfo
 *(.debug_macinfo)

.debug_weaknames
 *(.debug_weaknames)

.debug_funcnames
 *(.debug_funcnames)

.debug_typenames
 *(.debug_typenames)

.debug_varnames
 *(.debug_varnames)

.debug_alt_sim_info
                0x0000000000000000       0x60
 *(.debug_alt_sim_info)
 .debug_alt_sim_info
                0x0000000000000000       0x30 ../worker_3_bsp//obj/HAL/src/crt0.o
 .debug_alt_sim_info
                0x0000000000000030       0x30 ../worker_3_bsp/\libhal_bsp.a(alt_busy_sleep.o)
                0x0000000012500000                __alt_data_end = 0x12500000
                0x0000000012500000                PROVIDE (__alt_stack_pointer, __alt_data_end)
                [!provide]                        PROVIDE (__alt_stack_limit, __alt_stack_base)
                [!provide]                        PROVIDE (__alt_heap_start, end)
                [!provide]                        PROVIDE (__alt_heap_limit, 0x12500000)
OUTPUT(worker_3.elf elf32-littlenios2)

.debug_ranges   0x0000000000000000      0x190
 .debug_ranges  0x0000000000000000       0x20 ../worker_3_bsp//obj/HAL/src/crt0.o
 .debug_ranges  0x0000000000000020       0x60 obj/default/hello_world_small.o
 .debug_ranges  0x0000000000000080       0x48 ../worker_3_bsp/\libhal_bsp.a(alt_load.o)
 .debug_ranges  0x00000000000000c8       0x18 ../worker_3_bsp/\libhal_bsp.a(alt_sys_init.o)
 .debug_ranges  0x00000000000000e0       0x20 ../worker_3_bsp/\libhal_bsp.a(alt_dev_llist_insert.o)
 .debug_ranges  0x0000000000000100       0x10 ../worker_3_bsp/\libhal_bsp.a(alt_icache_flush.o)
 .debug_ranges  0x0000000000000110       0x10 c:/intelfpga_lite/18.1/nios2eds/bin/gnu/h-x86_64-mingw32/bin/../lib/gcc/nios2-elf/5.3.0/../../../../../H-x86_64-mingw32/nios2-elf/lib\libsmallc.a(lib_a-memcmp.o)
 .debug_ranges  0x0000000000000120       0x10 c:/intelfpga_lite/18.1/nios2eds/bin/gnu/h-x86_64-mingw32/bin/../lib/gcc/nios2-elf/5.3.0/../../../../../H-x86_64-mingw32/nios2-elf/lib\libsmallc.a(lib_a-strlen.o)
 .debug_ranges  0x0000000000000130       0x60 c:/intelfpga_lite/18.1/nios2eds/bin/gnu/h-x86_64-mingw32/bin/../lib/gcc/nios2-elf/5.3.0\libgcc.a(lib2-divmod.o)
